{
  "version": "1.5.0",
  "plugins_used": [
    {
      "name": "ArtifactoryDetector"
    },
    {
      "name": "AWSKeyDetector"
    },
    {
      "name": "AzureStorageKeyDetector"
    },
    {
      "name": "Base64HighEntropyString",
      "limit": 4.5
    },
    {
      "name": "BasicAuthDetector"
    },
    {
      "name": "CloudantDetector"
    },
    {
      "name": "DiscordBotTokenDetector"
    },
    {
      "name": "GitHubTokenDetector"
    },
    {
      "name": "GitLabTokenDetector"
    },
    {
      "name": "HexHighEntropyString",
      "limit": 3.0
    },
    {
      "name": "IbmCloudIamDetector"
    },
    {
      "name": "IbmCosHmacDetector"
    },
    {
      "name": "IPPublicDetector"
    },
    {
      "name": "JwtTokenDetector"
    },
    {
      "name": "KeywordDetector",
      "keyword_exclude": ""
    },
    {
      "name": "MailchimpDetector"
    },
    {
      "name": "NpmDetector"
    },
    {
      "name": "OpenAIDetector"
    },
    {
      "name": "PrivateKeyDetector"
    },
    {
      "name": "PypiTokenDetector"
    },
    {
      "name": "SendGridDetector"
    },
    {
      "name": "SlackDetector"
    },
    {
      "name": "SoftlayerDetector"
    },
    {
      "name": "SquareOAuthDetector"
    },
    {
      "name": "StripeDetector"
    },
    {
      "name": "TelegramBotTokenDetector"
    },
    {
      "name": "TwilioKeyDetector"
    }
  ],
  "filters_used": [
    {
      "path": "detect_secrets.filters.allowlist.is_line_allowlisted"
    },
    {
      "path": "detect_secrets.filters.common.is_ignored_due_to_verification_policies",
      "min_level": 2
    },
    {
      "path": "detect_secrets.filters.heuristic.is_indirect_reference"
    },
    {
      "path": "detect_secrets.filters.heuristic.is_likely_id_string"
    },
    {
      "path": "detect_secrets.filters.heuristic.is_lock_file"
    },
    {
      "path": "detect_secrets.filters.heuristic.is_not_alphanumeric_string"
    },
    {
      "path": "detect_secrets.filters.heuristic.is_potential_uuid"
    },
    {
      "path": "detect_secrets.filters.heuristic.is_prefixed_with_dollar_sign"
    },
    {
      "path": "detect_secrets.filters.heuristic.is_sequential_string"
    },
    {
      "path": "detect_secrets.filters.heuristic.is_swagger_file"
    },
    {
      "path": "detect_secrets.filters.heuristic.is_templated_secret"
    }
  ],
  "results": {
    "docs/pipelines/28-chembl2uniprot-mapping.md": [
      {
        "type": "Secret Keyword",
        "filename": "docs/pipelines/28-chembl2uniprot-mapping.md",
        "hashed_secret": "cf4a956e75901c220c0f5fbaec41987fc6177345",
        "is_verified": false,
        "line_number": 264
      }
    ],
    "docs/pipelines/activity-chembl/09-activity-chembl-extraction.md": [
      {
        "type": "Hex High Entropy String",
        "filename": "docs/pipelines/activity-chembl/09-activity-chembl-extraction.md",
        "hashed_secret": "1ac79a053b653e47094a8863d52355b26de819a8",
        "is_verified": false,
        "line_number": 1614
      },
      {
        "type": "Hex High Entropy String",
        "filename": "docs/pipelines/activity-chembl/09-activity-chembl-extraction.md",
        "hashed_secret": "a3596486b8b761a5d8b37ce58cc10a296c7de4bc",
        "is_verified": false,
        "line_number": 1615
      }
    ],
    "docs/pipelines/document-chembl/09-document-chembl-extraction.md": [
      {
        "type": "Hex High Entropy String",
        "filename": "docs/pipelines/document-chembl/09-document-chembl-extraction.md",
        "hashed_secret": "e4f91dd323bac5bfc4f60a6e433787671dc2421d",
        "is_verified": false,
        "line_number": 2184
      }
    ],
    "docs/pipelines/document-pubmed/09-document-pubmed-extraction.md": [
      {
        "type": "Secret Keyword",
        "filename": "docs/pipelines/document-pubmed/09-document-pubmed-extraction.md",
        "hashed_secret": "cf4a956e75901c220c0f5fbaec41987fc6177345",
        "is_verified": false,
        "line_number": 736
      }
    ],
    "docs/pipelines/document-semantic-scholar/09-document-semantic-scholar-extraction.md": [
      {
        "type": "Hex High Entropy String",
        "filename": "docs/pipelines/document-semantic-scholar/09-document-semantic-scholar-extraction.md",
        "hashed_secret": "ff998abc1ce6d8f01a675fa197368e44c8916e9c",
        "is_verified": false,
        "line_number": 231
      },
      {
        "type": "Secret Keyword",
        "filename": "docs/pipelines/document-semantic-scholar/09-document-semantic-scholar-extraction.md",
        "hashed_secret": "cf4a956e75901c220c0f5fbaec41987fc6177345",
        "is_verified": false,
        "line_number": 796
      }
    ],
    "docs/pipelines/target-iuphar/09-target-iuphar-extraction.md": [
      {
        "type": "Secret Keyword",
        "filename": "docs/pipelines/target-iuphar/09-target-iuphar-extraction.md",
        "hashed_secret": "cf4a956e75901c220c0f5fbaec41987fc6177345",
        "is_verified": false,
        "line_number": 263
      }
    ],
    "docs/pipelines/target-uniprot/09-target-uniprot-extraction.md": [
      {
        "type": "Secret Keyword",
        "filename": "docs/pipelines/target-uniprot/09-target-uniprot-extraction.md",
        "hashed_secret": "cf4a956e75901c220c0f5fbaec41987fc6177345",
        "is_verified": false,
        "line_number": 269
      }
    ],
    "docs/styleguide/02-logging-guidelines.md": [
      {
        "type": "Secret Keyword",
        "filename": "docs/styleguide/02-logging-guidelines.md",
        "hashed_secret": "d247e54e14ab3298d7b979f10a70fa8d380ffeec",
        "is_verified": false,
        "line_number": 165
      }
    ],
    "docs/styleguide/04-deterministic-io.md": [
      {
        "type": "Hex High Entropy String",
        "filename": "docs/styleguide/04-deterministic-io.md",
        "hashed_secret": "90bd1b48e958257948487b90bee080ba5ed00caa",
        "is_verified": false,
        "line_number": 188
      }
    ],
    "docs/styleguide/09-secrets-config.md": [
      {
        "type": "Basic Auth Credentials",
        "filename": "docs/styleguide/09-secrets-config.md",
        "hashed_secret": "5baa61e4c9b93f3f0682250b6cf8331b7ee68fd8",
        "is_verified": false,
        "line_number": 39
      },
      {
        "type": "Secret Keyword",
        "filename": "docs/styleguide/09-secrets-config.md",
        "hashed_secret": "d247e54e14ab3298d7b979f10a70fa8d380ffeec",
        "is_verified": false,
        "line_number": 73
      }
    ]
  },
  "generated_at": "2025-11-07T09:22:19Z"
}
