============================= test session starts =============================
platform win32 -- Python 3.13.7, pytest-7.4.4, pluggy-1.6.0 -- C:\Users\Fedor\AppData\Local\Programs\Python\Python313\python.exe
cachedir: .pytest_cache
hypothesis profile 'default'
benchmark: 4.0.0 (defaults: timer=time.perf_counter disable_gc=False min_rounds=5 min_time=0.000005 max_time=1.0 calibration_precision=10 warmup=False warmup_iterations=100000)
metadata: {'Python': '3.13.7', 'Platform': 'Windows-10-10.0.19045-SP0', 'Packages': {'pytest': '7.4.4', 'pluggy': '1.6.0'}, 'Plugins': {'anyio': '4.11.0', 'Faker': '37.12.0', 'hypothesis': '6.140.3', 'benchmark': '4.0.0', 'cov': '4.1.0', 'pytest_httpserver': '1.1.3', 'json-report': '1.5.0', 'metadata': '3.1.1', 'mock': '3.15.1', 'xdist': '3.8.0', 'typeguard': '4.4.4'}}
rootdir: E:\github\bioactivity_data_acquisition2
configfile: pyproject.toml
plugins: anyio-4.11.0, Faker-37.12.0, hypothesis-6.140.3, benchmark-4.0.0, cov-4.1.0, pytest_httpserver-1.1.3, json-report-1.5.0, metadata-3.1.1, mock-3.15.1, xdist-3.8.0, typeguard-4.4.4
collecting ... collected 260 items

tests/golden/test_golden_determinism.py::TestGoldenDeterminism::test_csv_artifact_determinism PASSED [  0%]
tests/golden/test_golden_determinism.py::TestGoldenDeterminism::test_meta_yaml_structure PASSED [  0%]
tests/golden/test_golden_determinism.py::TestGoldenDeterminism::test_column_order_stability FAILED [  1%]
tests/integration/test_activity_compound_record.py::TestActivityCompoundRecordEnrichment::test_enrichment_adds_columns PASSED [  1%]
tests/integration/test_activity_compound_record.py::TestActivityCompoundRecordEnrichment::test_enrichment_matches_records FAILED [  1%]
tests/integration/test_activity_compound_record.py::TestActivityCompoundRecordEnrichment::test_enrichment_handles_missing_records PASSED [  2%]
tests/integration/test_activity_compound_record.py::TestActivityCompoundRecordEnrichment::test_enrichment_handles_none_values PASSED [  2%]
tests/integration/test_activity_compound_record.py::TestActivityCompoundRecordEnrichment::test_enrichment_preserves_row_order PASSED [  3%]
tests/integration/test_activity_compound_record.py::TestActivityCompoundRecordEnrichment::test_enrichment_handles_curated_priority FAILED [  3%]
tests/integration/test_activity_compound_record.py::TestActivityCompoundRecordEnrichment::test_enrichment_with_empty_dataframe FAILED [  3%]
pytest : <unknown>:25: SyntaxWarning: invalid escape sequence '\|'
At C:\Users\Fedor\AppData\Local\Temp\ps-script-7dc4ff85-3535-43d8-8ee0-8054e65d9640.ps1:80 char:1
+ pytest tests --cov=src/bioetl --cov-report=term-missing --cov-report= ...
+ ~~~~~~~~~~~~~~~~~~~~~~~~~~~~~~~~~~~~~~~~~~~~~~~~~~~~~~~~~~~~~~~~~~~~~
    + CategoryInfo          : NotSpecified: (<unknown>:25: S...e sequence '\|':String) [], RemoteException
    + FullyQualifiedErrorId : NativeCommandError
 
E:\github\bioactivity_data_acquisition2\src\bioetl\pipelines\chembl\assay_transform.py:25: SyntaxWarning: invalid 
escape sequence '\|'
  String with escaped delimiters: `|` \u2192 `\|`, `/` \u2192 `\/`, `\` \u2192 `\\`.
<unknown>:25: SyntaxWarning: invalid escape sequence '\|'
E:\github\bioactivity_data_acquisition2\src\bioetl\pipelines\chembl\assay_transform.py:25: SyntaxWarning: invalid 
escape sequence '\|'
  String with escaped delimiters: `|` \u2192 `\|`, `/` \u2192 `\/`, `\` \u2192 `\\`.
<unknown>:25: SyntaxWarning: invalid escape sequence '\|'
<unknown>:25: SyntaxWarning: invalid escape sequence '\|'
E:\github\bioactivity_data_acquisition2\src\bioetl\pipelines\chembl\assay_transform.py:25: SyntaxWarning: invalid 
escape sequence '\|'
  String with escaped delimiters: `|` \u2192 `\|`, `/` \u2192 `\/`, `\` \u2192 `\\`.
tests/integration/test_activity_enriched.py::TestActivityEnriched::test_activity_pipeline_with_enrichment_smoke FAILED [  4%]

================================== FAILURES ===================================
______________ TestGoldenDeterminism.test_column_order_stability ______________
tests\golden\test_golden_determinism.py:122: in test_column_order_stability
    assert df.columns[idx] == expected_col, f"Column at index {idx} should be {expected_col}"
E   AssertionError: Column at index 49 should be compound_name
E   assert 'hash_row' == 'compound_name'
E     - compound_name
E     + hash_row
---------------------------- Captured stdout call -----------------------------
2025-11-05 14:45:32 [debug    ] write_sort_config_set          actor=activity_chembl component=activity_chembl.write original_sort_keys=['activity_id'] sort_keys=['assay_chembl_id', 'testitem_chembl_id', 'activity_id']
2025-11-05 14:45:32 [debug    ] write_artifacts_prepared       actor=activity_chembl dataset=C:\Users\Fedor\AppData\Local\Temp\pytest-of-Fedor\pytest-232\test_column_order_stability0\output\_activity_chembl\activity_chembl_20240101.csv rows=3
2025-11-05 14:45:32 [debug    ] dataset_written                actor=activity_chembl path=C:\Users\Fedor\AppData\Local\Temp\pytest-of-Fedor\pytest-232\test_column_order_stability0\output\_activity_chembl\activity_chembl_20240101.csv
2025-11-05 14:45:32 [debug    ] writing_qc_artifact            actor=activity_chembl artifact=quality_report path=C:\Users\Fedor\AppData\Local\Temp\pytest-of-Fedor\pytest-232\test_column_order_stability0\output\_activity_chembl\activity_chembl_20240101_quality_report.csv
____ TestActivityCompoundRecordEnrichment.test_enrichment_matches_records _____
tests\integration\test_activity_compound_record.py:132: in test_enrichment_matches_records
    assert result.iloc[0]["curated"] is True
E   assert np.True_ is True
---------------------------- Captured stdout call -----------------------------
2025-11-05 14:45:32 [info     ] enrichment_fetching_records    actor=activity_chembl component=activity_enrichment pairs_count=4
2025-11-05 14:45:32 [info     ] enrichment_completed           actor=activity_chembl component=activity_enrichment records_matched=1 rows_enriched=5
_ TestActivityCompoundRecordEnrichment.test_enrichment_handles_curated_priority _
tests\integration\test_activity_compound_record.py:242: in test_enrichment_handles_curated_priority
    assert result.iloc[0]["curated"] is True
E   assert np.True_ is True
---------------------------- Captured stdout call -----------------------------
2025-11-05 14:45:33 [info     ] enrichment_fetching_records    actor=activity_chembl component=activity_enrichment pairs_count=4
2025-11-05 14:45:33 [info     ] enrichment_completed           actor=activity_chembl component=activity_enrichment records_matched=1 rows_enriched=5
__ TestActivityCompoundRecordEnrichment.test_enrichment_with_empty_dataframe __
tests\integration\test_activity_compound_record.py:259: in test_enrichment_with_empty_dataframe
    assert "compound_name" in result.columns
E   AssertionError: assert 'compound_name' in Index(['activity_id', 'molecule_chembl_id', 'document_chembl_id'], dtype='object')
E    +  where Index(['activity_id', 'molecule_chembl_id', 'document_chembl_id'], dtype='object') = Empty DataFrame\nColumns: [activity_id, molecule_chembl_id, document_chembl_id]\nIndex: [].columns
---------------------------- Captured stdout call -----------------------------
2025-11-05 14:45:33 [debug    ] enrichment_skipped_empty_dataframe actor=activity_chembl component=activity_enrichment
______ TestActivityEnriched.test_activity_pipeline_with_enrichment_smoke ______
tests\integration\test_activity_enriched.py:104: in test_activity_pipeline_with_enrichment_smoke
    config = load_config(config_path)
src\bioetl\config\loader.py:93: in load_config
    config_data = _load_with_extends(path, stack=())
src\bioetl\config\loader.py:136: in _load_with_extends
    data = _ensure_mapping(_load_yaml(resolved), resolved)
src\bioetl\config\loader.py:163: in _load_yaml
    data = yaml.load(handle, Loader=Loader)
C:\Users\Fedor\AppData\Local\Programs\Python\Python313\Lib\site-packages\yaml\__init__.py:81: in load
    return loader.get_single_data()
C:\Users\Fedor\AppData\Local\Programs\Python\Python313\Lib\site-packages\yaml\constructor.py:49: in get_single_data
    node = self.get_single_node()
C:\Users\Fedor\AppData\Local\Programs\Python\Python313\Lib\site-packages\yaml\composer.py:36: in get_single_node
    document = self.compose_document()
C:\Users\Fedor\AppData\Local\Programs\Python\Python313\Lib\site-packages\yaml\composer.py:55: in compose_document
    node = self.compose_node(None, None)
C:\Users\Fedor\AppData\Local\Programs\Python\Python313\Lib\site-packages\yaml\composer.py:84: in compose_node
    node = self.compose_mapping_node(anchor)
C:\Users\Fedor\AppData\Local\Programs\Python\Python313\Lib\site-packages\yaml\composer.py:133: in compose_mapping_node
    item_value = self.compose_node(node, item_key)
C:\Users\Fedor\AppData\Local\Programs\Python\Python313\Lib\site-packages\yaml\composer.py:84: in compose_node
    node = self.compose_mapping_node(anchor)
C:\Users\Fedor\AppData\Local\Programs\Python\Python313\Lib\site-packages\yaml\composer.py:133: in compose_mapping_node
    item_value = self.compose_node(node, item_key)
C:\Users\Fedor\AppData\Local\Programs\Python\Python313\Lib\site-packages\yaml\composer.py:64: in compose_node
    if self.check_event(AliasEvent):
C:\Users\Fedor\AppData\Local\Programs\Python\Python313\Lib\site-packages\yaml\parser.py:98: in check_event
    self.current_event = self.state()
C:\Users\Fedor\AppData\Local\Programs\Python\Python313\Lib\site-packages\yaml\parser.py:449: in parse_block_mapping_value
    if not self.check_token(KeyToken, ValueToken, BlockEndToken):
C:\Users\Fedor\AppData\Local\Programs\Python\Python313\Lib\site-packages\yaml\scanner.py:116: in check_token
    self.fetch_more_tokens()
C:\Users\Fedor\AppData\Local\Programs\Python\Python313\Lib\site-packages\yaml\scanner.py:251: in fetch_more_tokens
    return self.fetch_double()
C:\Users\Fedor\AppData\Local\Programs\Python\Python313\Lib\site-packages\yaml\scanner.py:655: in fetch_double
    self.fetch_flow_scalar(style='"')
C:\Users\Fedor\AppData\Local\Programs\Python\Python313\Lib\site-packages\yaml\scanner.py:666: in fetch_flow_scalar
    self.tokens.append(self.scan_flow_scalar(style))
C:\Users\Fedor\AppData\Local\Programs\Python\Python313\Lib\site-packages\yaml\scanner.py:1149: in scan_flow_scalar
    chunks.extend(self.scan_flow_scalar_non_spaces(double, start_mark))
C:\Users\Fedor\AppData\Local\Programs\Python\Python313\Lib\site-packages\yaml\scanner.py:1213: in scan_flow_scalar_non_spaces
    raise ScannerError("while scanning a double-quoted scalar", start_mark,
E   yaml.scanner.ScannerError: while scanning a double-quoted scalar
E     in "C:\Users\Fedor\AppData\Local\Temp\pytest-of-Fedor\pytest-232\test_activity_pipeline_with_en0\config.yaml", line 27, column 9
E   expected escape sequence of 8 hexadecimal numbers, but found 's'
E     in "C:\Users\Fedor\AppData\Local\Temp\pytest-of-Fedor\pytest-232\test_activity_pipeline_with_en0\config.yaml", line 27, column 14

---------- coverage: platform win32, python 3.13.7-final-0 -----------
Name                                                 Stmts   Miss  Cover   Missing
----------------------------------------------------------------------------------
src\bioetl\__init__.py                                   2      0   100%
src\bioetl\cli\__init__.py                               0      0   100%
src\bioetl\cli\app.py                                   32     15    53%   29-38, 49-54, 68
src\bioetl\cli\command.py                              109     88    19%   39-49, 54-61, 66-73, 78-85, 187-298
src\bioetl\cli\commands\__init__.py                      0      0   100%
src\bioetl\cli\main.py                                   3      0   100%
src\bioetl\cli\registry.py                              31      0   100%
src\bioetl\clients\__init__.py                           2      0   100%
src\bioetl\clients\chembl.py                           133    113    15%   31-40, 56-66, 77-96, 100-106, 136-239, 244-252
src\bioetl\config\__init__.py                            4      0   100%
src\bioetl\config\chembl_assay.py                       58     31    47%   15-23, 48, 78-82, 88-92, 104-115
src\bioetl\config\loader.py                            147    107    27%   64-69, 72-73, 77, 79, 85-91, 94-123, 132-134, 137-146, 156-158, 164, 168-171, 175-195, 202-212, 216-221, 225-230, 234-246, 250-253
src\bioetl\config\models.py                            170      8    95%   282-283, 285-286, 288-289, 454-458
src\bioetl\core\__init__.py                              4      0   100%
src\bioetl\core\api_client.py                          222    175    21%   50-61, 66-80, 86-104, 108-113, 127-143, 150-157, 160, 173-193, 205-299, 311-319, 327-342, 345-356, 359-361, 364-366, 369-376, 380-382, 388-394
src\bioetl\core\client_factory.py                       41     28    32%   31-39, 44-54, 72-80, 83-87
src\bioetl\core\logger.py                               99     46    54%   86-91, 101-104, 112-115, 119, 145-151, 161-180, 202, 225-227, 243, 261, 267-280, 286
src\bioetl\core\output.py                              173     50    71%   59-89, 94, 107-108, 122, 139, 146, 150-151, 157, 172-177, 193-194, 197-198, 346-370
src\bioetl\pipelines\__init__.py                         3      0   100%
src\bioetl\pipelines\base.py                           534    330    38%   168, 173, 175, 186-198, 267-280, 285-295, 300-305, 351-352, 379, 390-417, 450-487, 515-572, 586-612, 638-645, 673-716, 741-754, 779-790, 822-823, 844, 864-885, 892, 895-902, 905-914, 957-959, 1002-1004, 1010-1012, 1112-1192, 1199-1282, 1293-1297, 1318-1336, 1339-1341, 1344-1366
src\bioetl\pipelines\chembl\__init__.py                  3      0   100%
src\bioetl\pipelines\chembl\activity.py               1185   1047    12%   98, 106-135, 140-222, 237-272, 277-310, 315-403, 410-411, 418-422, 426-435, 439-450, 454-473, 477-509, 516-520, 532-731, 738-776, 787-805, 811-813, 816-821, 824-831, 835-836, 841-871, 882-895, 899-982, 986-988, 992-998, 1002-1024, 1028-1102, 1111-1145, 1150-1168, 1173-1222, 1227-1258, 1263-1280, 1285-1462, 1467-1510, 1515-1554, 1559-1567, 1574-1627, 1632-1635, 1640-1757, 1762-1789, 1794-1814, 1819-1863, 1869-1894, 1900-1930, 1940-1996, 2118, 2154
src\bioetl\pipelines\chembl\activity_enrichment.py      80     23    71%   51-55, 67, 77-82, 132, 165, 167, 170-181
src\bioetl\pipelines\chembl\assay.py                   273    237    13%   29-31, 37, 49-64, 69-130, 145-207, 212-235, 242-243, 250-254, 258-269, 273-293, 298-317, 322-333, 338-372, 377-397, 402-431, 436-456, 461-508, 513-518
src\bioetl\pipelines\chembl\assay_transform.py          58     49    16%   27, 60-129, 147-153
src\bioetl\pipelines\chembl\testitem.py                303    261    14%   26-29, 34, 39, 51-66, 71-161, 176-273, 278-314, 323-328, 335-336, 343-347, 352-361, 366-371, 380-385, 397-399, 404-428, 433-457, 462-492, 497-513, 518-532, 537-574, 579-615
src\bioetl\qc\__init__.py                                3      0   100%
src\bioetl\qc\metrics.py                                33      4    88%   31, 60, 83, 86
src\bioetl\qc\report.py                                 28      1    96%   52
src\bioetl\schemas\__init__.py                          55     23    58%   43-44, 58-72, 83, 89-96, 150
src\bioetl\schemas\activity.py                          64     47    27%   86-117, 123-150
src\bioetl\schemas\assay.py                              7      0   100%
src\bioetl\schemas\chembl\__init__.py                    2      0   100%
src\bioetl\schemas\chembl\testitem.py                    7      0   100%
src\bioetl\sources\__init__.py                           0      0   100%
src\bioetl\sources\chembl\__init__.py                    2      0   100%
src\bioetl\sources\chembl\assay\__init__.py              2      0   100%
src\bioetl\sources\chembl\assay\client.py               76     61    20%   22-31, 37, 47-53, 73-85, 102-107, 114-118, 126-140, 148-153
----------------------------------------------------------------------------------
TOTAL                                                 3948   2744    30%
Coverage HTML written to dir htmlcov
Coverage XML written to file coverage.xml

FAIL Required test coverage of 85% not reached. Total coverage: 30.50%
============================ slowest 10 durations =============================
0.16s setup    tests/golden/test_golden_determinism.py::TestGoldenDeterminism::test_csv_artifact_determinism
0.10s call     tests/golden/test_golden_determinism.py::TestGoldenDeterminism::test_csv_artifact_determinism
0.07s call     tests/golden/test_golden_determinism.py::TestGoldenDeterminism::test_meta_yaml_structure
0.05s call     tests/golden/test_golden_determinism.py::TestGoldenDeterminism::test_column_order_stability
0.02s call     tests/integration/test_activity_enriched.py::TestActivityEnriched::test_activity_pipeline_with_enrichment_smoke
0.01s call     tests/integration/test_activity_compound_record.py::TestActivityCompoundRecordEnrichment::test_enrichment_adds_columns
0.01s setup    tests/golden/test_golden_determinism.py::TestGoldenDeterminism::test_meta_yaml_structure
0.01s setup    tests/golden/test_golden_determinism.py::TestGoldenDeterminism::test_column_order_stability
0.01s call     tests/integration/test_activity_compound_record.py::TestActivityCompoundRecordEnrichment::test_enrichment_matches_records
0.01s call     tests/integration/test_activity_compound_record.py::TestActivityCompoundRecordEnrichment::test_enrichment_handles_curated_priority
=========================== short test summary info ===========================
FAILED tests/golden/test_golden_determinism.py::TestGoldenDeterminism::test_column_order_stability
FAILED tests/integration/test_activity_compound_record.py::TestActivityCompoundRecordEnrichment::test_enrichment_matches_records
FAILED tests/integration/test_activity_compound_record.py::TestActivityCompoundRecordEnrichment::test_enrichment_handles_curated_priority
FAILED tests/integration/test_activity_compound_record.py::TestActivityCompoundRecordEnrichment::test_enrichment_with_empty_dataframe
FAILED tests/integration/test_activity_enriched.py::TestActivityEnriched::test_activity_pipeline_with_enrichment_smoke
!!!!!!!!!!!!!!!!!!!!!!!!!! stopping after 5 failures !!!!!!!!!!!!!!!!!!!!!!!!!!
=================== 5 failed, 6 passed, 3 warnings in 3.46s ===================
